// Jest Snapshot v1, https://goo.gl/fbAQLP

exports[`Render list of links 1`] = `
<div
  className="ReactTable"
  style={Object {}}
>
  <div
    className="rt-table"
    role="grid"
    style={undefined}
  >
    <div
      className="rt-thead -header"
      style={
        Object {
          "minWidth": "270px",
        }
      }
    >
      <div
        className="rt-tr"
        role="row"
        style={undefined}
      >
        <div
          className="rt-th  rt-resizable-header -cursor-pointer"
          onClick={[Function]}
          role="columnheader"
          style={
            Object {
              "flex": "100 0 auto",
              "maxWidth": null,
              "width": "100px",
            }
          }
          tabIndex="-1"
        >
          <div
            className="rt-resizable-header-content"
          >
            Short URL
          </div>
          <div
            className="rt-resizer"
            onMouseDown={[Function]}
            onTouchStart={[Function]}
          />
        </div>
        <div
          className="rt-th  rt-resizable-header -cursor-pointer"
          onClick={[Function]}
          role="columnheader"
          style={
            Object {
              "flex": "100 0 auto",
              "maxWidth": null,
              "width": "100px",
            }
          }
          tabIndex="-1"
        >
          <div
            className="rt-resizable-header-content"
          >
            Long URL
          </div>
          <div
            className="rt-resizer"
            onMouseDown={[Function]}
            onTouchStart={[Function]}
          />
        </div>
        <div
          className="rt-th  rt-resizable-header -sort-desc -cursor-pointer"
          onClick={[Function]}
          role="columnheader"
          style={
            Object {
              "flex": "25 0 auto",
              "maxWidth": null,
              "width": "25px",
            }
          }
          tabIndex="-1"
        >
          <div
            className="rt-resizable-header-content"
          >
            Created at
          </div>
          <div
            className="rt-resizer"
            onMouseDown={[Function]}
            onTouchStart={[Function]}
          />
        </div>
        <div
          className="rt-th  rt-resizable-header -cursor-pointer"
          onClick={[Function]}
          role="columnheader"
          style={
            Object {
              "flex": "15 0 auto",
              "maxWidth": null,
              "width": "15px",
            }
          }
          tabIndex="-1"
        >
          <div
            className="rt-resizable-header-content"
          >
            Visits
          </div>
          <div
            className="rt-resizer"
            onMouseDown={[Function]}
            onTouchStart={[Function]}
          />
        </div>
        <div
          className="rt-th  rt-resizable-header"
          onClick={[Function]}
          role="columnheader"
          style={
            Object {
              "flex": "30 0 auto",
              "maxWidth": null,
              "width": "30px",
            }
          }
          tabIndex="-1"
        >
          <div
            className="rt-resizable-header-content"
          />
          <div
            className="rt-resizer"
            onMouseDown={[Function]}
            onTouchStart={[Function]}
          />
        </div>
      </div>
    </div>
    <div
      className="rt-tbody"
      style={
        Object {
          "minWidth": "270px",
        }
      }
    >
      <div
        className="rt-tr-group"
        role="rowgroup"
      >
        <div
          className="rt-tr -odd"
          role="row"
          style={undefined}
        >
          <div
            className="rt-td"
            onClick={[Function]}
            role="gridcell"
            style={
              Object {
                "flex": "100 0 auto",
                "maxWidth": null,
                "width": "100px",
              }
            }
          >
            <div
              className="ui buttons mini"
            >
              <a
                className="ui button"
                href="/link/anId2"
                target="_blank"
              >
                <i
                  className="external alternate icon"
                />
                /link/anId2
              </a>
              <div
                className="or"
              />
              <button
                className="ui vertical green button"
                onClick={[Function]}
              >
                Copy
              </button>
            </div>
          </div>
          <div
            className="rt-td"
            onClick={[Function]}
            role="gridcell"
            style={
              Object {
                "flex": "100 0 auto",
                "maxWidth": null,
                "width": "100px",
              }
            }
          >
            http://www.github.com
          </div>
          <div
            className="rt-td"
            onClick={[Function]}
            role="gridcell"
            style={
              Object {
                "flex": "25 0 auto",
                "maxWidth": null,
                "width": "25px",
              }
            }
          >
            Invalid Date
          </div>
          <div
            className="rt-td"
            onClick={[Function]}
            role="gridcell"
            style={
              Object {
                "flex": "15 0 auto",
                "maxWidth": null,
                "width": "15px",
              }
            }
          />
          <div
            className="rt-td rt-delete"
            onClick={[Function]}
            role="gridcell"
            style={
              Object {
                "flex": "30 0 auto",
                "maxWidth": null,
                "width": "30px",
              }
            }
          >
            <button
              className="negative ui button mini"
              onClick={[Function]}
            >
              Delete
            </button>
          </div>
        </div>
      </div>
      <div
        className="rt-tr-group"
        role="rowgroup"
      >
        <div
          className="rt-tr -even"
          role="row"
          style={undefined}
        >
          <div
            className="rt-td"
            onClick={[Function]}
            role="gridcell"
            style={
              Object {
                "flex": "100 0 auto",
                "maxWidth": null,
                "width": "100px",
              }
            }
          >
            <div
              className="ui buttons mini"
            >
              <a
                className="ui button"
                href="/link/anId"
                target="_blank"
              >
                <i
                  className="external alternate icon"
                />
                /link/anId
              </a>
              <div
                className="or"
              />
              <button
                className="ui vertical green button"
                onClick={[Function]}
              >
                Copy
              </button>
            </div>
          </div>
          <div
            className="rt-td"
            onClick={[Function]}
            role="gridcell"
            style={
              Object {
                "flex": "100 0 auto",
                "maxWidth": null,
                "width": "100px",
              }
            }
          >
            http://www.google.fr
          </div>
          <div
            className="rt-td"
            onClick={[Function]}
            role="gridcell"
            style={
              Object {
                "flex": "25 0 auto",
                "maxWidth": null,
                "width": "25px",
              }
            }
          >
            Invalid Date
          </div>
          <div
            className="rt-td"
            onClick={[Function]}
            role="gridcell"
            style={
              Object {
                "flex": "15 0 auto",
                "maxWidth": null,
                "width": "15px",
              }
            }
          />
          <div
            className="rt-td rt-delete"
            onClick={[Function]}
            role="gridcell"
            style={
              Object {
                "flex": "30 0 auto",
                "maxWidth": null,
                "width": "30px",
              }
            }
          >
            <button
              className="negative ui button mini"
              onClick={[Function]}
            >
              Delete
            </button>
          </div>
        </div>
      </div>
    </div>
  </div>
  <div
    className="pagination-bottom"
  >
    <div
      className="-pagination"
      style={undefined}
    >
      <div
        className="-previous"
      >
        <button
          className="-btn"
          disabled={true}
          onClick={[Function]}
          type="button"
        >
          Previous
        </button>
      </div>
      <div
        className="-center"
      >
        <span
          className="-pageInfo"
        >
          Page
           
          <div
            className="-pageJump"
          >
            <input
              onBlur={[Function]}
              onChange={[Function]}
              onKeyPress={[Function]}
              type="number"
              value={1}
            />
          </div>
           
          of
           
          <span
            className="-totalPages"
          >
            1
          </span>
        </span>
        <span
          className="select-wrap -pageSizeOptions"
        >
          <select
            onChange={[Function]}
            value={20}
          >
            <option
              value={5}
            >
              5
               
              rows
            </option>
            <option
              value={10}
            >
              10
               
              rows
            </option>
            <option
              value={20}
            >
              20
               
              rows
            </option>
            <option
              value={25}
            >
              25
               
              rows
            </option>
            <option
              value={50}
            >
              50
               
              rows
            </option>
            <option
              value={100}
            >
              100
               
              rows
            </option>
          </select>
        </span>
      </div>
      <div
        className="-next"
      >
        <button
          className="-btn"
          disabled={true}
          onClick={[Function]}
          type="button"
        >
          Next
        </button>
      </div>
    </div>
  </div>
  <div
    className="-loading"
  >
    <div
      className="-loading-inner"
    >
      Loading...
    </div>
  </div>
</div>
`;
